// Jest Snapshot v1, https://goo.gl/fbAQLP

exports[`types creates types hash with given prefix 1`] = `
Object {
  "bar": "@@PREFIX/bar",
  "foo": "@@PREFIX/foo",
}
`;
